src/app/(frontend)/admin/command/page.tsx(146,22): error TS2322: Type '{ base: number; sm: number; }' is not assignable to type 'MantineSpacing | undefined'.
src/app/(frontend)/dashboard/[projectId]/history/page.tsx(129,60): error TS2322: Type '{ children: Element[]; cols: { base: number; lg: number; }; spacing: number; align: string; }' is not assignable to type 'IntrinsicAttributes & SimpleGridProps & RefAttributes<HTMLDivElement> & { component?: any; renderRoot?: ((props: Record<...>) => ReactNode) | undefined; }'.
  Property 'align' does not exist on type 'IntrinsicAttributes & SimpleGridProps & RefAttributes<HTMLDivElement> & { component?: any; renderRoot?: ((props: Record<...>) => ReactNode) | undefined; }'.
src/app/(frontend)/dashboard/[projectId]/history/page.tsx(206,31): error TS2322: Type '{ children: string; size: string; ff: "var(--font-body)"; c: "#62666B"; style: { fontSize: string; letterSpacing: string; }; }' is not assignable to type 'IntrinsicAttributes & TableThProps & RefAttributes<HTMLTableCellElement> & { component?: any; renderRoot?: ((props: Record<...>) => ReactNode) | undefined; }'.
  Property 'size' does not exist on type 'IntrinsicAttributes & TableThProps & RefAttributes<HTMLTableCellElement> & { component?: any; renderRoot?: ((props: Record<...>) => ReactNode) | undefined; }'.
src/app/(frontend)/dashboard/[projectId]/history/page.tsx(214,31): error TS2322: Type '{ children: string; size: string; ff: "var(--font-body)"; c: "#62666B"; style: { fontSize: string; letterSpacing: string; }; }' is not assignable to type 'IntrinsicAttributes & TableThProps & RefAttributes<HTMLTableCellElement> & { component?: any; renderRoot?: ((props: Record<...>) => ReactNode) | undefined; }'.
  Property 'size' does not exist on type 'IntrinsicAttributes & TableThProps & RefAttributes<HTMLTableCellElement> & { component?: any; renderRoot?: ((props: Record<...>) => ReactNode) | undefined; }'.
src/app/(frontend)/dashboard/[projectId]/history/page.tsx(222,31): error TS2322: Type '{ children: string; size: string; ff: "var(--font-body)"; c: "#62666B"; style: { fontSize: string; letterSpacing: string; }; }' is not assignable to type 'IntrinsicAttributes & TableThProps & RefAttributes<HTMLTableCellElement> & { component?: any; renderRoot?: ((props: Record<...>) => ReactNode) | undefined; }'.
  Property 'size' does not exist on type 'IntrinsicAttributes & TableThProps & RefAttributes<HTMLTableCellElement> & { component?: any; renderRoot?: ((props: Record<...>) => ReactNode) | undefined; }'.
src/app/(frontend)/dashboard/[projectId]/history/page.tsx(230,31): error TS2322: Type '{ children: string; size: string; ff: "var(--font-body)"; c: "#62666B"; style: { fontSize: string; letterSpacing: string; }; }' is not assignable to type 'IntrinsicAttributes & TableThProps & RefAttributes<HTMLTableCellElement> & { component?: any; renderRoot?: ((props: Record<...>) => ReactNode) | undefined; }'.
  Property 'size' does not exist on type 'IntrinsicAttributes & TableThProps & RefAttributes<HTMLTableCellElement> & { component?: any; renderRoot?: ((props: Record<...>) => ReactNode) | undefined; }'.
src/app/(frontend)/dashboard/[projectId]/proofs/page.tsx(208,55): error TS2322: Type '{ children: Element; label: string; radius: number; size: string; }' is not assignable to type 'IntrinsicAttributes & TooltipProps & RefAttributes<HTMLDivElement> & { component?: any; renderRoot?: ((props: Record<...>) => ReactNode) | undefined; }'.
  Property 'size' does not exist on type 'IntrinsicAttributes & TooltipProps & RefAttributes<HTMLDivElement> & { component?: any; renderRoot?: ((props: Record<...>) => ReactNode) | undefined; }'.
src/app/(frontend)/dashboard/[projectId]/proofs/page.tsx(213,56): error TS2322: Type '{ children: Element; label: string; radius: number; size: string; }' is not assignable to type 'IntrinsicAttributes & TooltipProps & RefAttributes<HTMLDivElement> & { component?: any; renderRoot?: ((props: Record<...>) => ReactNode) | undefined; }'.
  Property 'size' does not exist on type 'IntrinsicAttributes & TooltipProps & RefAttributes<HTMLDivElement> & { component?: any; renderRoot?: ((props: Record<...>) => ReactNode) | undefined; }'.
src/app/(frontend)/dashboard/[projectId]/proofs/page.tsx(218,59): error TS2322: Type '{ children: Element; label: string; radius: number; size: string; }' is not assignable to type 'IntrinsicAttributes & TooltipProps & RefAttributes<HTMLDivElement> & { component?: any; renderRoot?: ((props: Record<...>) => ReactNode) | undefined; }'.
  Property 'size' does not exist on type 'IntrinsicAttributes & TooltipProps & RefAttributes<HTMLDivElement> & { component?: any; renderRoot?: ((props: Record<...>) => ReactNode) | undefined; }'.
src/app/(frontend)/researcher/org/page.tsx(70,33): error TS2322: Type '{ children: Element[]; active: number; breakpoint: string; color: "burnished-gold"; iconSize: number; }' is not assignable to type 'IntrinsicAttributes & StepperProps & RefAttributes<HTMLDivElement> & { component?: any; renderRoot?: ((props: Record<...>) => ReactNode) | undefined; }'.
  Property 'breakpoint' does not exist on type 'IntrinsicAttributes & StepperProps & RefAttributes<HTMLDivElement> & { component?: any; renderRoot?: ((props: Record<...>) => ReactNode) | undefined; }'.
src/app/(frontend)/scholarcrafted/consultation/page.tsx(280,17): error TS2322: Type '{ children: Element[]; onClick: () => void; style: { display: "flex"; alignItems: "center"; gap: string; transition: "opacity 0.2s ease"; }; _hover: { opacity: number; }; }' is not assignable to type 'IntrinsicAttributes & UnstyledButtonProps & ComponentProp<"button"> & Omit<Omit<DetailedHTMLProps<ButtonHTMLAttributes<HTMLButtonElement>, HTMLButtonElement>, "ref">, "component" | keyof UnstyledButtonProps> & { ...; }'.
  Property '_hover' does not exist on type 'IntrinsicAttributes & UnstyledButtonProps & ComponentProp<"button"> & Omit<Omit<DetailedHTMLProps<ButtonHTMLAttributes<HTMLButtonElement>, HTMLButtonElement>, "ref">, "component" | keyof UnstyledButtonProps> & { ...; }'.
src/app/(frontend)/scholarcrafted/hero-concepts/page.tsx(140,34): error TS2362: The left-hand side of an arithmetic operation must be of type 'any', 'number', 'bigint' or an enum type.
src/app/(frontend)/scholarcrafted/routledge-handbook/page.tsx(59,88): error TS2322: Type '{ children: Element[]; cols: { base: number; md: number; }; spacing: string; verticalSpacing: "xl"; align: string; }' is not assignable to type 'IntrinsicAttributes & SimpleGridProps & RefAttributes<HTMLDivElement> & { component?: any; renderRoot?: ((props: Record<...>) => ReactNode) | undefined; }'.
  Property 'align' does not exist on type 'IntrinsicAttributes & SimpleGridProps & RefAttributes<HTMLDivElement> & { component?: any; renderRoot?: ((props: Record<...>) => ReactNode) | undefined; }'.
src/app/(frontend)/scholarcrafted/services/private-coaching/page.tsx(133,17): error TS2322: Type '{ children: Element[]; loop: true; withControls: false; plugins: AutoplayType[]; }' is not assignable to type 'IntrinsicAttributes & CarouselProps & RefAttributes<HTMLDivElement> & { component?: any; renderRoot?: ((props: Record<...>) => ReactNode) | undefined; }'.
  Property 'loop' does not exist on type 'IntrinsicAttributes & CarouselProps & RefAttributes<HTMLDivElement> & { component?: any; renderRoot?: ((props: Record<...>) => ReactNode) | undefined; }'.
src/endpoints/seed/index.ts(102,20): error TS2345: Argument of type '{ collection: "users"; data: { name: string; email: string; password: string; }; }' is not assignable to parameter of type 'Options<"users", UsersSelect<false> | UsersSelect<true>>'.
  Type '{ collection: "users"; data: { name: string; email: string; password: string; }; }' is not assignable to type '{ data: DraftDataFromCollectionSlug<"users">; draft: true; } & { collection: "users"; context?: RequestContext | undefined; depth?: number | undefined; ... 13 more ...; user?: any; } & Pick<...>'.
    Property 'draft' is missing in type '{ collection: "users"; data: { name: string; email: string; password: string; }; }' but required in type '{ data: DraftDataFromCollectionSlug<"users">; draft: true; }'.
tests/helpers/seedUser.ts(26,24): error TS2345: Argument of type '{ collection: "users"; data: { email: string; password: string; }; }' is not assignable to parameter of type 'Options<"users", UsersSelect<false> | UsersSelect<true>>'.
  Type '{ collection: "users"; data: { email: string; password: string; }; }' is not assignable to type '{ data: DraftDataFromCollectionSlug<"users">; draft: true; } & { collection: "users"; context?: RequestContext | undefined; depth?: number | undefined; ... 13 more ...; user?: any; } & Pick<...>'.
    Property 'draft' is missing in type '{ collection: "users"; data: { email: string; password: string; }; }' but required in type '{ data: DraftDataFromCollectionSlug<"users">; draft: true; }'.
